2026-10-05T18:20:47Z INF Thank you for trying Cloudflare Tunnel. Doing so, without a Cloudflare account, is a quick way to experiment and try it out. However, be aware that these account-less Tunnels have no uptime guarantee, are subject to the Cloudflare Online Services Terms of Use (https://www.cloudflare.com/website-terms/), and Cloudflare reserves the right to investigate your use of Tunnels for violations of such terms. If you intend to use Tunnels in production you should use a pre-created named tunnel by following: https://developers.cloudflare.com/cloudflare-one/connections/connect-apps
2026-10-05T18:20:47Z INF Requesting new quick Tunnel on trycloudflare.com...
2026-10-05T18:20:53Z INF +--------------------------------------------------------------------------------------------+
2026-10-05T18:20:53Z INF |  Your quick Tunnel has been created! Visit it at (it may take some time to be reachable):  |
2026-10-05T18:20:53Z INF |  https://sie-anne-served-productions.trycloudflare.com                                     |
2026-10-05T18:20:53Z INF +--------------------------------------------------------------------------------------------+
2026-10-05T18:20:53Z INF Cannot determine default configuration path. No file [config.yml config.yaml] in [~/.cloudflared ~/.cloudflare-warp ~/cloudflare-warp]
2026-10-05T18:20:53Z INF Version 2026.8.2 (Checksum c29eee2b121f5436a642eed69fd9767da7e7b8c510fa50aaa130337f931357b5)
2026-10-05T18:20:53Z INF GOOS: windows, GOVersion: go1.26.4, GoArch: amd64
2026-10-05T18:20:53Z INF Settings: map[ha-connections:1 protocol:quic url:http://localhost:8080]
2026-10-05T18:20:53Z INF cloudflared will not automatically update on Windows systems.
2026-10-05T18:20:53Z INF Generated Connector ID: 8c7997e7-13cd-4ac2-ae6e-844a9e5e9e49
2026-10-05T18:20:53Z INF Initial protocol quic
2026-10-05T18:20:53Z INF ICMP proxy will use 192.168.0.197 as source for IPv4
2026-10-05T18:20:53Z INF ICMP proxy will use fe80::5f39:381d:6724:c07a in zone Wi-Fi as source for IPv6
2026-10-05T18:20:54Z INF cloudflared does not support loading the system root certificate pool on Windows. Please use --origin-ca-pool <PATH> to specify the path to the certificate pool
2026-10-05T18:20:54Z INF ICMP proxy will use 192.168.0.197 as source for IPv4
2026-10-05T18:20:54Z INF Tunnel connection curve preferences: [X25519MLKEM768 CurveID(65074) CurveP256] connIndex=0 event=0 ip=198.41.200.73
2026-10-05T18:20:54Z INF ICMP proxy will use fe80::5f39:381d:6724:c07a in zone Wi-Fi as source for IPv6
2026-10-05T18:20:54Z INF Starting metrics server on 127.0.0.1:20241/metrics
2026-10-05T18:20:54Z INF Registered tunnel connection connIndex=0 connection=8ab275eb-4490-4406-b3ef-2ad17c6cbe2a event=0 ip=198.41.200.73 location=sof01 protocol=quic
2026-10-05T18:20:54Z INF +-------------------------------------------------------------------------------------+
2026-10-05T18:20:54Z INF |                               CONNECTIVITY PRE-CHECKS                               |
2026-10-05T18:20:54Z INF +-------------------------------------------------------------------------------------+
2026-10-05T18:20:54Z INF |  COMPONENT         TARGET                     STATUS  DETAILS                       |
2026-10-05T18:20:54Z INF |  DNS Resolution    region1.v2.argotunnel.com  PASS    DNS Resolved successfully     |
2026-10-05T18:20:54Z INF |  DNS Resolution    region2.v2.argotunnel.com  PASS    DNS Resolved successfully     |
2026-10-05T18:20:54Z INF |  UDP Connectivity  region1.v2.argotunnel.com  PASS    QUIC connection successful    |
2026-10-05T18:20:54Z INF |  UDP Connectivity  region2.v2.argotunnel.com  PASS    QUIC connection successful    |
2026-10-05T18:20:54Z INF |  TCP Connectivity  region1.v2.argotunnel.com  PASS    HTTP/2 connection successful  |
2026-10-05T18:20:54Z INF |  TCP Connectivity  region2.v2.argotunnel.com  PASS    HTTP/2 connection successful  |
2026-10-05T18:20:54Z INF |  Cloudflare API    api.cloudflare.com:443     PASS    API is reachable              |
2026-10-05T18:20:54Z INF |                                                                                     |
2026-10-05T18:20:54Z INF |  SUMMARY: Environment is healthy. cloudflared will use 'quic' as primary protocol.  |
2026-10-05T18:20:54Z INF +-------------------------------------------------------------------------------------+
2026-10-05T18:20:54Z INF precheck component="DNS Resolution" details="DNS Resolved successfully" run_id=962a9921-1435-4f24-bb97-8c1dd7ab0690 status=pass target=region1.v2.argotunnel.com
2026-10-05T18:20:54Z INF precheck component="DNS Resolution" details="DNS Resolved successfully" run_id=962a9921-1435-4f24-bb97-8c1dd7ab0690 status=pass target=region2.v2.argotunnel.com
2026-10-05T18:20:54Z INF precheck component="UDP Connectivity" details="QUIC connection successful" run_id=962a9921-1435-4f24-bb97-8c1dd7ab0690 status=pass target=region1.v2.argotunnel.com
2026-10-05T18:20:54Z INF precheck component="UDP Connectivity" details="QUIC connection successful" run_id=962a9921-1435-4f24-bb97-8c1dd7ab0690 status=pass target=region2.v2.argotunnel.com
2026-10-05T18:20:54Z INF precheck component="TCP Connectivity" details="HTTP/2 connection successful" run_id=962a9921-1435-4f24-bb97-8c1dd7ab0690 status=pass target=region1.v2.argotunnel.com
2026-10-05T18:20:54Z INF precheck component="TCP Connectivity" details="HTTP/2 connection successful" run_id=962a9921-1435-4f24-bb97-8c1dd7ab0690 status=pass target=region2.v2.argotunnel.com
2026-10-05T18:20:54Z INF precheck component="Cloudflare API" details="API is reachable" run_id=962a9921-1435-4f24-bb97-8c1dd7ab0690 status=pass target=api.cloudflare.com:443
2026-10-05T18:20:54Z INF precheck complete hard_fail=false run_id=962a9921-1435-4f24-bb97-8c1dd7ab0690 suggested_protocol=quic
2026-10-05T18:24:40Z ERR  error="stream 13 canceled by remote with error code 0" connIndex=0 event=1 ingressRule=0 originService=http://localhost:8080
2026-10-05T18:24:40Z ERR Request failed error="stream 13 canceled by remote with error code 0" connIndex=0 dest=https://sie-anne-served-productions.trycloudflare.com/api/admin/stream?key=niff_admin_2026 event=0 ip=198.41.200.73 type=http
